<html>
<body>
<pre>
<h1>礦ision Build Log</h1>
<h2>Project:</h2>
C:\Users\22166\Desktop\智能管家\Project\RVMDK（uv4）\iSO-STM32.uvproj
Project File Date:  04/09/2016

<h2>Output:</h2>
Build target '智能管家'
compiling main.c...
..\..\User\tim.h(3): warning:  #1295-D: Deprecated declaration Time1_Init - give arg types
compiling usart_test.c...
linking...
Program Size: Code=12496 RO-data=336 RW-data=56 ZI-data=1152  
FromELF: creating hex file...
"..\..\Output\Template.axf" - 0 Errors, 1 Warning(s).
Build target '智能管家'
compiling main.c...
linking...
Program Size: Code=12496 RO-data=336 RW-data=56 ZI-data=1152  
FromELF: creating hex file...
"..\..\Output\Template.axf" - 0 Errors, 0 Warning(s).
Build target '智能管家'
compiling main.c...
..\..\User\main.c(70): warning:  #181-D: argument is incompatible with corresponding format string conversion
linking...
..\..\Output\Template.axf: Error: L6218E: Undefined symbol getspeed (referred from main.o).
"..\..\Output\Template.axf" - 1 Errors, 1 Warning(s).
Target not created
Build target '智能管家'
compiling main.c...
linking...
..\..\Output\Template.axf: Error: L6218E: Undefined symbol getspeed (referred from main.o).
"..\..\Output\Template.axf" - 1 Errors, 0 Warning(s).
Target not created
Build target '智能管家'
compiling main.c...
linking...
..\..\Output\Template.axf: Error: L6218E: Undefined symbol Time1_Init (referred from main.o).
..\..\Output\Template.axf: Error: L6218E: Undefined symbol getspeed (referred from main.o).
"..\..\Output\Template.axf" - 2 Errors, 0 Warning(s).
Target not created
Build target '智能管家'
compiling tim.c...
..\..\User\tim.c(7): error:  #109: expression must have (pointer-to-) function type
..\..\User\tim.c(7): error:  #20: identifier "ENALBE" is undefined
..\..\User\tim.c(9): error:  #20: identifier "GPIO_InitStructure" is undefined
..\..\User\tim.c(24): error:  #65: expected a ";"
..\..\User\tim.c(5): warning:  #177-D: variable "GPIO_InitTypeDef" was declared but never referenced
"..\..\Output\Template.axf" - 4 Errors, 1 Warning(s).
Target not created
Build target '智能管家'
compiling tim.c...
linking...
Program Size: Code=13128 RO-data=336 RW-data=64 ZI-data=1152  
FromELF: creating hex file...
"..\..\Output\Template.axf" - 0 Errors, 0 Warning(s).
Build target '智能管家'
compiling tim.c...
linking...
Program Size: Code=13128 RO-data=336 RW-data=64 ZI-data=1152  
FromELF: creating hex file...
"..\..\Output\Template.axf" - 0 Errors, 0 Warning(s).
Build target '智能管家'
compiling tim.c...
linking...
Program Size: Code=13128 RO-data=336 RW-data=64 ZI-data=1152  
FromELF: creating hex file...
"..\..\Output\Template.axf" - 0 Errors, 0 Warning(s).
Build target '智能管家'
linking...
Program Size: Code=13128 RO-data=336 RW-data=64 ZI-data=1152  
FromELF: creating hex file...
"..\..\Output\Template.axf" - 0 Errors, 0 Warning(s).
Build target '智能管家'
compiling tim.c...
..\..\User\tim.c(27): warning:  #177-D: variable "data" was declared but never referenced
linking...
Program Size: Code=13084 RO-data=336 RW-data=64 ZI-data=1152  
FromELF: creating hex file...
"..\..\Output\Template.axf" - 0 Errors, 1 Warning(s).
Build target '智能管家'
compiling tim.c...
..\..\User\tim.c(27): warning:  #177-D: variable "data" was declared but never referenced
linking...
Program Size: Code=13084 RO-data=336 RW-data=64 ZI-data=1152  
FromELF: creating hex file...
"..\..\Output\Template.axf" - 0 Errors, 1 Warning(s).
Rebuild target '智能管家'
assembling startup_stm32f10x_hd.s...
compiling core_cm3.c...
compiling system_stm32f10x.c...
compiling misc.c...
compiling stm32f10x_adc.c...
"..\..\Output\Template.axf" - 0 Errors, 0 Warning(s).
Project build/rebuild aborted.
Build target '智能管家'
compiling tim.c...
..\..\User\tim.c(27): warning:  #177-D: variable "data" was declared but never referenced
linking...
Program Size: Code=13092 RO-data=336 RW-data=64 ZI-data=1152  
FromELF: creating hex file...
"..\..\Output\Template.axf" - 0 Errors, 1 Warning(s).
Build target '智能管家'
compiling main.c...
compiling exti.c...
linking...
Program Size: Code=13132 RO-data=336 RW-data=68 ZI-data=1156  
FromELF: creating hex file...
"..\..\Output\Template.axf" - 0 Errors, 0 Warning(s).
Build target '智能管家'
linking...
Program Size: Code=13132 RO-data=336 RW-data=68 ZI-data=1156  
FromELF: creating hex file...
"..\..\Output\Template.axf" - 0 Errors, 0 Warning(s).
Build target '智能管家'
compiling main.c...
linking...
Program Size: Code=12976 RO-data=336 RW-data=64 ZI-data=1152  
FromELF: creating hex file...
"..\..\Output\Template.axf" - 0 Errors, 0 Warning(s).
Build target '智能管家'
linking...
Program Size: Code=12976 RO-data=336 RW-data=64 ZI-data=1152  
FromELF: creating hex file...
"..\..\Output\Template.axf" - 0 Errors, 0 Warning(s).
Build target '智能管家'
linking...
Program Size: Code=12976 RO-data=336 RW-data=64 ZI-data=1152  
FromELF: creating hex file...
"..\..\Output\Template.axf" - 0 Errors, 0 Warning(s).
Build target '智能管家'
compiling main.c...
linking...
Program Size: Code=12980 RO-data=336 RW-data=64 ZI-data=1152  
FromELF: creating hex file...
"..\..\Output\Template.axf" - 0 Errors, 0 Warning(s).
Build target '智能管家'
linking...
Program Size: Code=12980 RO-data=336 RW-data=64 ZI-data=1152  
FromELF: creating hex file...
"..\..\Output\Template.axf" - 0 Errors, 0 Warning(s).
Build target '智能管家'
compiling main.c...
compiling exti.c...
linking...
Program Size: Code=12984 RO-data=336 RW-data=64 ZI-data=1152  
FromELF: creating hex file...
"..\..\Output\Template.axf" - 0 Errors, 0 Warning(s).
Build target '智能管家'
compiling main.c...
compiling exti.c...
linking...
Program Size: Code=12984 RO-data=336 RW-data=64 ZI-data=1152  
FromELF: creating hex file...
"..\..\Output\Template.axf" - 0 Errors, 0 Warning(s).
Build target '智能管家'
linking...
Program Size: Code=12984 RO-data=336 RW-data=64 ZI-data=1152  
FromELF: creating hex file...
"..\..\Output\Template.axf" - 0 Errors, 0 Warning(s).
Build target '智能管家'
compiling main.c...
..\..\User\main.c(221): error:  #127: expected a statement
"..\..\Output\Template.axf" - 1 Errors, 0 Warning(s).
Target not created
Build target '智能管家'
compiling main.c...
compiling exti.c...
linking...
Program Size: Code=12992 RO-data=336 RW-data=64 ZI-data=1152  
FromELF: creating hex file...
"..\..\Output\Template.axf" - 0 Errors, 0 Warning(s).
Build target '智能管家'
compiling main.c...
linking...
Program Size: Code=13008 RO-data=336 RW-data=64 ZI-data=1152  
FromELF: creating hex file...
"..\..\Output\Template.axf" - 0 Errors, 0 Warning(s).
Build target '智能管家'
compiling main.c...
linking...
Program Size: Code=13008 RO-data=336 RW-data=64 ZI-data=1152  
FromELF: creating hex file...
"..\..\Output\Template.axf" - 0 Errors, 0 Warning(s).
Build target '智能管家'
compiling exti.c...
linking...
Program Size: Code=13008 RO-data=336 RW-data=64 ZI-data=1152  
FromELF: creating hex file...
"..\..\Output\Template.axf" - 0 Errors, 0 Warning(s).
Build target '智能管家'
compiling main.c...
linking...
Program Size: Code=13016 RO-data=336 RW-data=64 ZI-data=1152  
FromELF: creating hex file...
"..\..\Output\Template.axf" - 0 Errors, 0 Warning(s).
Build target '智能管家'
linking...
Program Size: Code=13016 RO-data=336 RW-data=64 ZI-data=1152  
FromELF: creating hex file...
"..\..\Output\Template.axf" - 0 Errors, 0 Warning(s).
Build target '智能管家'
compiling main.c...
linking...
Program Size: Code=13016 RO-data=336 RW-data=64 ZI-data=1152  
FromELF: creating hex file...
"..\..\Output\Template.axf" - 0 Errors, 0 Warning(s).
Build target '智能管家'
compiling exti.c...
linking...
Program Size: Code=13016 RO-data=336 RW-data=64 ZI-data=1152  
FromELF: creating hex file...
"..\..\Output\Template.axf" - 0 Errors, 0 Warning(s).
Build target '智能管家'
compiling main.c...
compiling exti.c...
linking...
Program Size: Code=13016 RO-data=336 RW-data=64 ZI-data=1152  
FromELF: creating hex file...
"..\..\Output\Template.axf" - 0 Errors, 0 Warning(s).
Build target '智能管家'
linking...
Program Size: Code=13016 RO-data=336 RW-data=64 ZI-data=1152  
FromELF: creating hex file...
"..\..\Output\Template.axf" - 0 Errors, 0 Warning(s).
Build target '智能管家'
compiling main.c...
..\..\User\main.c(218): error:  #169: expected a declaration
"..\..\Output\Template.axf" - 1 Errors, 0 Warning(s).
Target not created
Build target '智能管家'
compiling main.c...
linking...
Program Size: Code=12948 RO-data=336 RW-data=64 ZI-data=1152  
FromELF: creating hex file...
"..\..\Output\Template.axf" - 0 Errors, 0 Warning(s).
Build target '智能管家'
linking...
Program Size: Code=12948 RO-data=336 RW-data=64 ZI-data=1152  
FromELF: creating hex file...
"..\..\Output\Template.axf" - 0 Errors, 0 Warning(s).
Build target '智能管家'
compiling main.c...
linking...
Program Size: Code=12876 RO-data=336 RW-data=64 ZI-data=1152  
FromELF: creating hex file...
"..\..\Output\Template.axf" - 0 Errors, 0 Warning(s).
Build target '智能管家'
compiling main.c...
..\..\User\main.c(213): error:  #79: expected a type specifier
..\..\User\main.c(213): warning:  #77-D: this declaration has no storage class or type specifier
..\..\User\main.c(213): error:  #147: declaration is incompatible with "void EXTI_ClearITPendingBit(uint32_t)" (declared at line 165 of "..\..\Libraries\FWlib\inc\stm32f10x_exti.h")
"..\..\Output\Template.axf" - 2 Errors, 1 Warning(s).
Target not created
Build target '智能管家'
compiling main.c...
linking...
Program Size: Code=12888 RO-data=336 RW-data=64 ZI-data=1152  
FromELF: creating hex file...
"..\..\Output\Template.axf" - 0 Errors, 0 Warning(s).
Build target '智能管家'
linking...
Program Size: Code=12888 RO-data=336 RW-data=64 ZI-data=1152  
FromELF: creating hex file...
"..\..\Output\Template.axf" - 0 Errors, 0 Warning(s).
Build target '智能管家'
compiling main.c...
linking...
Program Size: Code=12924 RO-data=336 RW-data=64 ZI-data=1152  
FromELF: creating hex file...
"..\..\Output\Template.axf" - 0 Errors, 0 Warning(s).
Build target '智能管家'
compiling main.c...
linking...
Program Size: Code=12932 RO-data=336 RW-data=64 ZI-data=1152  
FromELF: creating hex file...
"..\..\Output\Template.axf" - 0 Errors, 0 Warning(s).
Build target '智能管家'
compiling main.c...
..\..\User\main.c(226): warning:  #223-D: function "EXTI_CleaRFlag" declared implicitly
linking...
..\..\Output\Template.axf: Error: L6218E: Undefined symbol EXTI_CleaRFlag (referred from main.o).
"..\..\Output\Template.axf" - 1 Errors, 1 Warning(s).
Target not created
Build target '智能管家'
compiling main.c...
linking...
Program Size: Code=12940 RO-data=336 RW-data=64 ZI-data=1152  
FromELF: creating hex file...
"..\..\Output\Template.axf" - 0 Errors, 0 Warning(s).
Build target '智能管家'
compiling main.c...
compiling exti.c...
linking...
Program Size: Code=12940 RO-data=336 RW-data=64 ZI-data=1152  
FromELF: creating hex file...
"..\..\Output\Template.axf" - 0 Errors, 0 Warning(s).
Build target '智能管家'
compiling main.c...
linking...
Program Size: Code=12976 RO-data=336 RW-data=64 ZI-data=1152  
FromELF: creating hex file...
"..\..\Output\Template.axf" - 0 Errors, 0 Warning(s).
Build target '智能管家'
compiling exti.c...
linking...
Program Size: Code=12972 RO-data=336 RW-data=64 ZI-data=1152  
FromELF: creating hex file...
"..\..\Output\Template.axf" - 0 Errors, 0 Warning(s).
Build target '智能管家'
linking...
Program Size: Code=12972 RO-data=336 RW-data=64 ZI-data=1152  
FromELF: creating hex file...
"..\..\Output\Template.axf" - 0 Errors, 0 Warning(s).
Build target '智能管家'
compiling exti.c...
..\..\User\exti.c(110): error:  #31: expression must have integral type
..\..\User\exti.c(110): error:  #31: expression must have integral type
"..\..\Output\Template.axf" - 2 Errors, 0 Warning(s).
Target not created
Build target '智能管家'
compiling exti.c...
linking...
Program Size: Code=12980 RO-data=336 RW-data=64 ZI-data=1152  
FromELF: creating hex file...
"..\..\Output\Template.axf" - 0 Errors, 0 Warning(s).
Build target '智能管家'
compiling main.c...
linking...
Program Size: Code=12996 RO-data=336 RW-data=64 ZI-data=1152  
FromELF: creating hex file...
"..\..\Output\Template.axf" - 0 Errors, 0 Warning(s).
Build target '智能管家'
linking...
Program Size: Code=12996 RO-data=336 RW-data=64 ZI-data=1152  
FromELF: creating hex file...
"..\..\Output\Template.axf" - 0 Errors, 0 Warning(s).
Build target '智能管家'
compiling main.c...
linking...
Program Size: Code=13008 RO-data=336 RW-data=64 ZI-data=1152  
FromELF: creating hex file...
"..\..\Output\Template.axf" - 0 Errors, 0 Warning(s).
Build target '智能管家'
compiling exti.c...
linking...
Program Size: Code=13000 RO-data=336 RW-data=64 ZI-data=1152  
FromELF: creating hex file...
"..\..\Output\Template.axf" - 0 Errors, 0 Warning(s).
Build target '智能管家'
compiling main.c...
linking...
Program Size: Code=12988 RO-data=336 RW-data=64 ZI-data=1152  
FromELF: creating hex file...
"..\..\Output\Template.axf" - 0 Errors, 0 Warning(s).
Build target '智能管家'
compiling main.c...
linking...
Program Size: Code=12940 RO-data=336 RW-data=64 ZI-data=1152  
FromELF: creating hex file...
"..\..\Output\Template.axf" - 0 Errors, 0 Warning(s).
Build target '智能管家'
compiling main.c...
compiling exti.c...
linking...
Program Size: Code=12996 RO-data=336 RW-data=64 ZI-data=1152  
FromELF: creating hex file...
"..\..\Output\Template.axf" - 0 Errors, 0 Warning(s).
Build target '智能管家'
linking...
Program Size: Code=12996 RO-data=336 RW-data=64 ZI-data=1152  
FromELF: creating hex file...
"..\..\Output\Template.axf" - 0 Errors, 0 Warning(s).
Build target '智能管家'
compiling main.c...
linking...
Program Size: Code=13008 RO-data=336 RW-data=64 ZI-data=1152  
FromELF: creating hex file...
"..\..\Output\Template.axf" - 0 Errors, 0 Warning(s).
Build target '智能管家'
compiling exti.c...
linking...
Program Size: Code=13012 RO-data=336 RW-data=64 ZI-data=1152  
FromELF: creating hex file...
"..\..\Output\Template.axf" - 0 Errors, 0 Warning(s).
