<html>
<body>
<pre>
<h1>礦ision Build Log</h1>
<h2>Project:</h2>
D:\Documents\Me\智能管家\智能管家\Project\RVMDK（uv4）\iSO-STM32.uvproj
Project File Date:  04/21/2016

<h2>Output:</h2>
Build target '智能管家'
compiling main.c...
compiling exti.c...
compiling led_test.c...
compiling motor.c...
compiling adc.c...
compiling usart_test.c...
compiling tim.c...
linking...
Program Size: Code=12860 RO-data=336 RW-data=64 ZI-data=1152  
FromELF: creating hex file...
"..\..\Output\Template.axf" - 0 Errors, 0 Warning(s).
